======================================================================================================
Version: 0.1.0.0 (#0d965b5* -- Thu Jul 16 21:36:01 2020 +0100)
[feature/refactor.1] Pooled FromUnix and FromCsec. Strip @-comments from inputFixed. Fix some problems. Plenty left
======================================================================================================
Test: Today
Command: untod -d
000 d83b513e d0238--- : 2020-07-17 15:26:56.857464 UTC+00:00 2020.199 Fri 01b5affe     1594999616 *+27 <== Date/Time
000 d83b513e daa30--- : 2020-07-17 15:26:56.900464 UTC+00:00 2020.199 Fri 01b5affe     1594999616 *+27  
------------------------------------------------------------------------------------------------------
Test: IETF Leap second #27
Command: untod -s 3692217600
000 d1e0d681 73cc0--- : 2017-01-01 00:00:00.000000 UTC+00:00 2017.001 Sun 01994340     1483228800 *+27 <== 20th Csec
000 d1e0d681 73cc0--- : 2017-01-01 00:00:00.000000 UTC+00:00 2017.001 Sun 01994340     1483228800 *+27  
------------------------------------------------------------------------------------------------------
Test: IETF Leap second #27 -1
Command: untod -s 3692217599
000 d1e0d67f 8b840--- : 2016-12-31 23:59:59.000000 UTC+00:00 2016.366 Sat 0199433f     1483228799 *+26 <== 20th Csec
000 d1e0d67f 8b840--- : 2016-12-31 23:59:59.000000 UTC+00:00 2016.366 Sat 0199433f     1483228799 *+26  
------------------------------------------------------------------------------------------------------
Test: IETF Leap second #27 from TOD
Command: untod d1e0d68173cc0
000 d1e0d681 73cc0--- : 2017-01-01 00:00:00.000000 UTC+00:00 2017.001 Sun 01994340     1483228800 *+27 <== TOD
000 d1e0d681 73cc0--- : 2017-01-01 00:00:00.000000 UTC+00:00 2017.001 Sun 01994340     1483228800 *+27  
------------------------------------------------------------------------------------------------------
Test: IETF Leap second #27 from Date
Command: untod -d 2017.001
000 d1e0d681 73cc0--- : 2017-01-01 00:00:00.000000 UTC+00:00 2017.001 Sun 01994340     1483228800 *+27 <== Date/Time
000 d1e0d681 73cc0--- : 2017-01-01 00:00:00.000000 UTC+00:00 2017.001 Sun 01994340     1483228800 *+27  
------------------------------------------------------------------------------------------------------
Test: IETF Leap second #27 from PMC
Command: untod -m 01994340
000 d1e0d681 73cc0--- : 2017-01-01 00:00:00.000000 UTC+00:00 2017.001 Sun 01994340     1483228827 *+27 <== PMC
000 d1e0d681 73cc0--- : 2017-01-01 00:00:00.000000 UTC+00:00 2017.001 Sun 01994340     1483228800 *+27  
------------------------------------------------------------------------------------------------------
Test: IETF Leap second #27 from Unix
Command: untod -u 1483228800
000 d1e0d681 73cc0--- : 2017-01-01 00:00:00.000000 UTC+00:00 2017.001 Sun 01994340     1483228800 *+27 <== UNIX
000 d1e0d681 73cc0--- : 2017-01-01 00:00:00.000000 UTC+00:00 2017.001 Sun 01994340     1483228800 *+27  
======================================================================================================
